// Jest Snapshot v1, https://goo.gl/fbAQLP

exports[`Bio renders correctly 1`] = `
<section>
  <h1 />
  <h2 />
</section>
`;
