// Jest Snapshot v1, https://goo.gl/fbAQLP

exports[`Live renders correctly 1`] = `
<div
  className="page"
  id="wrapper"
>
  <div>
    <a
      href=""
    >
      <button
        type="button"
      >
        View the Presentation Live
      </button>
    </a>
  </div>
</div>
`;
